hw-06b main
󱄅 det:3.17.1 nix:2.33.3  3.13.9  v0.1.0 ❯ uv run python -m unittest TestTriangle

..................
----------------------------------------------------------------------
Ran 18 tests in 0.000s

OK

hw-06b main *
󱄅 det:3.17.1 nix:2.33.3  3.13.9  v0.1.0 ❯
